[2026-01-12 16:54:00.164] [INFO] [executor] 🔄 ============================================================
[2026-01-12 16:54:00.166] [INFO] [executor] 🔄 🚀 开始执行: cmkaxesp5002aib3wicwr5c2r
[2026-01-12 16:54:00.166] [INFO] [executor] 🔄    执行 ID: cmkaxevjr002eib3wercexjmf
[2026-01-12 16:54:00.167] [INFO] [executor] 🔄 ============================================================
[2026-01-12 16:54:00.342] [INFO] [executor] 💾 SELECT TestSuiteExecution
[2026-01-12 16:55:34.204] [INFO] [executor] 🔄 ============================================================
[2026-01-12 16:55:34.204] [INFO] [executor] 🔄 🚀 开始执行: cmkaxesp5002aib3wicwr5c2r
[2026-01-12 16:55:34.205] [INFO] [executor] 🔄    执行 ID: cmkaxgw57002lib3wv9ymfrw5
[2026-01-12 16:55:34.205] [INFO] [executor] 🔄 ============================================================
[2026-01-12 16:55:34.326] [INFO] [executor] 💾 SELECT TestSuiteExecution
[2026-01-12 16:56:43.033] [INFO] [executor] 🔄 ============================================================
[2026-01-12 16:56:43.034] [INFO] [executor] 🔄 🚀 开始执行: cmkaxesp5002aib3wicwr5c2r
[2026-01-12 16:56:43.034] [INFO] [executor] 🔄    执行 ID: cmkaxid7u002pib3w8dnf2ca1
[2026-01-12 16:56:43.034] [INFO] [executor] 🔄 ============================================================
[2026-01-12 16:56:43.294] [INFO] [executor] 💾 SELECT TestSuiteExecution
[2026-01-12 17:27:01.229] [INFO] [executor] 🌐 POST http://192.168.12.64:18080/hlkj/camp/passwordRule/info
  Data: {hasCookie=False, hasAuth=False}
[2026-01-12 17:27:01.367] [INFO] [executor] ✅ Response 200 (137ms)
  Data: {contentLength=755}
[2026-01-12 17:27:22.056] [INFO] [executor] 🔄 ============================================================
[2026-01-12 17:27:22.056] [INFO] [executor] 🔄 🚀 开始执行: test1
[2026-01-12 17:27:22.057] [INFO] [executor] 🔄    执行 ID: cmkayls8g002uib3w8ez4riwz
[2026-01-12 17:27:22.057] [INFO] [executor] 🔄 ============================================================
[2026-01-12 17:27:22.193] [INFO] [executor] 💾 SELECT TestSuiteExecution
[2026-01-12 17:27:57.102] [INFO] [executor] 🔄 ============================================================
[2026-01-12 17:27:57.102] [INFO] [executor] 🔄 🚀 开始执行: test1
[2026-01-12 17:27:57.102] [INFO] [executor] 🔄    执行 ID: cmkaymj96002wib3we614qm73
[2026-01-12 17:27:57.103] [INFO] [executor] 🔄 ============================================================
[2026-01-12 17:27:57.254] [INFO] [executor] 💾 SELECT TestSuiteExecution
[2026-01-12 17:29:02.378] [INFO] [executor] 🔄 ============================================================
[2026-01-12 17:29:02.378] [INFO] [executor] 🔄 🚀 开始执行: test1
[2026-01-12 17:29:02.379] [INFO] [executor] 🔄    执行 ID: cmkaynxme0030ib3w4n4ny230
[2026-01-12 17:29:02.379] [INFO] [executor] 🔄 ============================================================
[2026-01-12 17:29:02.534] [INFO] [executor] 💾 SELECT TestSuiteExecution
[2026-01-12 17:32:44.269] [INFO] [executor] 🔄 ============================================================
[2026-01-12 17:32:44.270] [INFO] [executor] 🔄 🚀 开始执行: test1
[2026-01-12 17:32:44.270] [INFO] [executor] 🔄    执行 ID: cmkaysou10034ib3wse3g26c3
[2026-01-12 17:32:44.270] [INFO] [executor] 🔄 ============================================================
[2026-01-12 17:32:44.451] [INFO] [executor] 💾 SELECT TestSuiteExecution
[2026-01-12 17:45:03.137] [INFO] [executor] 🔄 ============================================================
[2026-01-12 17:45:03.137] [INFO] [executor] 🔄 🚀 开始执行: test1
[2026-01-12 17:45:03.137] [INFO] [executor] 🔄    执行 ID: cmkaz8iyo0038ib3wb3oqkmqg
[2026-01-12 17:45:03.137] [INFO] [executor] 🔄 ============================================================
[2026-01-12 17:45:03.342] [INFO] [executor] 💾 SELECT TestSuiteExecution
[2026-01-12 17:45:11.804] [INFO] [executor] 🔄 ============================================================
[2026-01-12 17:45:11.804] [INFO] [executor] 🔄 🚀 开始执行: test1
[2026-01-12 17:45:11.804] [INFO] [executor] 🔄    执行 ID: cmkaz8pne003aib3wmahwg8sg
[2026-01-12 17:45:11.805] [INFO] [executor] 🔄 ============================================================
[2026-01-12 17:45:11.950] [INFO] [executor] 💾 SELECT TestSuiteExecution
[2026-01-12 17:46:06.340] [INFO] [executor] 🌐 POST http://192.168.12.64:18080/hlkj/camp/passwordRule/info
  Data: {hasCookie=False, hasAuth=False}
[2026-01-12 17:46:06.457] [INFO] [executor] ✅ Response 200 (116ms)
  Data: {contentLength=755}
[2026-01-12 17:48:07.598] [INFO] [executor] 🔄 ============================================================
[2026-01-12 17:48:07.598] [INFO] [executor] 🔄 🚀 开始执行: cmkazceyv003bib3wekkwpkcr
[2026-01-12 17:48:07.598] [INFO] [executor] 🔄    执行 ID: cmkazchbp003fib3wuo05r48e
[2026-01-12 17:48:07.598] [INFO] [executor] 🔄 ============================================================
[2026-01-12 17:48:07.729] [INFO] [executor] 💾 SELECT TestSuiteExecution
[2026-01-12 17:51:00.066] [INFO] [executor] 🔄 ============================================================
[2026-01-12 17:51:00.066] [INFO] [executor] 🔄 🚀 开始执行: cmkazceyv003bib3wekkwpkcr
[2026-01-12 17:51:00.066] [INFO] [executor] 🔄    执行 ID: cmkazg6di003lib3wilwavntu
[2026-01-12 17:51:00.067] [INFO] [executor] 🔄 ============================================================
[2026-01-12 17:51:00.206] [INFO] [executor] 💾 SELECT TestSuiteExecution
[2026-01-12 17:52:26.675] [INFO] [executor] 🔄 ============================================================
[2026-01-12 17:52:26.675] [INFO] [executor] 🔄 🚀 开始执行: cmkazceyv003bib3wekkwpkcr
[2026-01-12 17:52:26.675] [INFO] [executor] 🔄    执行 ID: cmkazi17p003rib3wislyymso
[2026-01-12 17:52:26.675] [INFO] [executor] 🔄 ============================================================
[2026-01-12 17:52:26.825] [INFO] [executor] 💾 SELECT TestSuiteExecution
[2026-01-12 17:57:33.728] [INFO] [executor] 🔄 ============================================================
[2026-01-12 17:57:33.728] [INFO] [executor] 🔄 🚀 开始执行: cmkazceyv003bib3wekkwpkcr
[2026-01-12 17:57:33.729] [INFO] [executor] 🔄    执行 ID: cmkazolnj003tib3wk8kx640h
[2026-01-12 17:57:33.729] [INFO] [executor] 🔄 ============================================================
[2026-01-12 17:57:34.340] [INFO] [executor] 💾 SELECT TestSuiteExecution
[2026-01-12 18:02:58.552] [INFO] [executor] 🔄 ============================================================
[2026-01-12 18:02:58.552] [INFO] [executor] 🔄 🚀 开始执行: cmkazvieh003uib3wflgce6rd
[2026-01-12 18:02:58.552] [INFO] [executor] 🔄    执行 ID: cmkazvkrk003yib3wmdxtchs8
[2026-01-12 18:02:58.553] [INFO] [executor] 🔄 ============================================================
[2026-01-12 18:02:58.755] [INFO] [executor] 💾 SELECT TestSuiteExecution
[2026-01-12 18:12:19.836] [INFO] [executor] 🔄 ============================================================
[2026-01-12 18:12:19.837] [INFO] [executor] 🔄 🚀 开始执行: cmkazvieh003uib3wflgce6rd
[2026-01-12 18:12:19.837] [INFO] [executor] 🔄    执行 ID: cmkb07lsg0040ib3wnl3qjh2s
[2026-01-12 18:12:19.837] [INFO] [executor] 🔄 ============================================================
[2026-01-12 18:12:19.988] [INFO] [executor] 💾 SELECT TestSuiteExecution
